S,A,B,C,D,E,F
a,b,c,d,e
S
A->CaD
A->DEdF
A->EeFD
B->CbD
B->CdD
B->EeE
B->FaC
C->DDadFeba
C->DEde
C->EeF
C->adec
D->EFEFe
D->EaFa
D->FaFa
D->aa
D->decde
E->FFFF
E->FeFaFb
E->abcde
E->eeee
F->abcd
F->cdcd
F->dcba
S->ABCDEF
S->ACD
S->AF
S->DF
