S,A,B
a,b,c,d
S
A->aAb
A->ab
B->cad
B->cd
S->AB
S->aAb
S->ab
