S,A,B,C,D,E,F,<BCDEF>,<CDEF>,<DEF>,<EF>,<CD>,<eFD>,e',<FD>,<EdF>,<dF>,d',<aD>,a',<dD>,<bD>,b',<eE>,<aC>,<dec>,<ec>,c',<Ede>,<de>,<eF>,<DadFeba>,<adFeba>,<dFeba>,<Feba>,<eba>,<ba>,<FEFe>,<EFe>,<Fe>,<aFa>,<Fa>,<ecde>,<cde>,<eee>,<ee>,<eFaFb>,<FaFb>,<aFb>,<Fb>,<bcde>,<FFF>,<FF>,<bcd>,<cd>,<dcd>,<cba>
a,b,c,d,e
S
<BCDEF>->B<CDEF>
<CD>->CD
<CDEF>->C<DEF>
<DEF>->D<EF>
<DadFeba>->D<adFeba>
<EF>->EF
<EFe>->E<Fe>
<EdF>->E<dF>
<Ede>->E<de>
<FD>->FD
<FEFe>->F<EFe>
<FF>->FF
<FFF>->F<FF>
<Fa>->Fa'
<FaFb>->F<aFb>
<Fb>->Fb'
<Fe>->Fe'
<Feba>->F<eba>
<aC>->a'C
<aD>->a'D
<aFa>->a'<Fa>
<aFb>->a'<Fb>
<adFeba>->a'<dFeba>
<bD>->b'D
<ba>->b'a'
<bcd>->b'<cd>
<bcde>->b'<cde>
<cba>->c'<ba>
<cd>->c'd'
<cde>->c'<de>
<dD>->d'D
<dF>->d'F
<dFeba>->d'<Feba>
<dcd>->d'<cd>
<de>->d'e'
<dec>->d'<ec>
<eE>->e'E
<eF>->e'F
<eFD>->e'<FD>
<eFaFb>->e'<FaFb>
<eba>->e'<ba>
<ec>->e'c'
<ecde>->e'<cde>
<ee>->e'e'
<eee>->e'<ee>
A->C<aD>
A->D<EdF>
A->E<eFD>
B->C<bD>
B->C<dD>
B->E<eE>
B->F<aC>
C->D<DadFeba>
C->D<Ede>
C->E<eF>
C->a'<dec>
D->E<FEFe>
D->E<aFa>
D->F<aFa>
D->a'a'
D->d'<ecde>
E->F<FFF>
E->F<eFaFb>
E->a'<bcde>
E->e'<eee>
F->a'<bcd>
F->c'<dcd>
F->d'<cba>
S->A<BCDEF>
S->A<CD>
S->AF
S->DF
a'->a
b'->b
c'->c
d'->d
e'->e
